// Jest Snapshot v1, https://goo.gl/fbAQLP

exports[`renders App using MemoryRouter 1`] = `
<div>
  <div
    class="App"
  >
    <nav
      class="navbar navbar-expand-md"
    >
      <div
        class="container-fluid"
      >
        <a
          aria-current="page"
          class="active"
          href="/"
        >
          Jobly
        </a>
        <ul
          class="ml-auto navbar-nav"
        >
          <li
            class="nav-item"
          >
            <a
              class=""
              href="/login"
            >
              Login
            </a>
          </li>
          <li
            class="nav-item"
          >
            <a
              class=""
              href="/signup"
            >
              Signup
            </a>
          </li>
        </ul>
      </div>
    </nav>
    <div
      class="home"
    >
      <h1>
        Jobly
      </h1>
      <p>
        Look for a job. Get a job.
      </p>
    </div>
  </div>
</div>
`;
