// Jest Snapshot v1, https://goo.gl/fbAQLP

exports[`renders App using MemoryRouter 1`] = `
<div>
  <div
    class="App"
  >
    <nav
      class="navbar navbar-expand-md"
    >
      <div
        class="container-fluid"
      >
        <a
          class=""
          href="/"
        >
          Jobly
        </a>
        <ul
          class="ml-auto navbar-nav"
        >
          <li
            class="nav-item"
          >
            <a
              class=""
              href="/login"
            >
              Login
            </a>
          </li>
          <li
            class="nav-item"
          >
            <a
              aria-current="page"
              class="active"
              href="/signup"
            >
              Signup
            </a>
          </li>
        </ul>
      </div>
    </nav>
    <h3
      class="mb-3"
    >
      Create an account!
    </h3>
    <form
      class="signuppage-form"
    >
      <div
        class="form-group row mb-3"
      >
        <label
          class="col-sm-3 col-form-label"
          for="firstName"
        >
          First Name
        </label>
        <div
          class="col-sm-8"
        >
          <input
            class="form-control"
            name="firstName"
            type="text"
            value="test"
          />
        </div>
      </div>
      <div
        class="form-group row mb-3"
      >
        <label
          class="col-sm-3 col-form-label"
          for="lastName"
        >
          Last Name
        </label>
        <div
          class="col-sm-8"
        >
          <input
            class="form-control"
            name="lastName"
            type="text"
            value="user"
          />
        </div>
      </div>
      <div
        class="form-group row mb-3"
      >
        <label
          class="col-sm-3 col-form-label"
          for="email"
        >
          Email
        </label>
        <div
          class="col-sm-8"
        >
          <input
            class="form-control"
            name="email"
            type="text"
            value="test@me.com"
          />
        </div>
      </div>
      <div
        class="form-group row mb-3"
      >
        <label
          class="col-sm-3 col-form-label"
          for="username"
        >
          Username
        </label>
        <div
          class="col-sm-8"
        >
          <input
            class="form-control"
            name="username"
            type="text"
            value="testuser"
          />
        </div>
      </div>
      <div
        class="form-group row mb-3"
      >
        <label
          class="col-sm-3 col-form-label"
          for="password"
        >
          Password
        </label>
        <div
          class="col-sm-8"
        >
          <input
            class="form-control"
            name="password"
            type="password"
            value="password"
          />
        </div>
      </div>
      <button
        class="btn btn-primary"
        type="submit"
      >
        Sign up
      </button>
    </form>
  </div>
</div>
`;
